// Jest Snapshot v1, https://goo.gl/fbAQLP

exports[`ProductImage Debe de mostrar el componente correctamente la imagen personalizada 1`] = `
<img
  alt="Product"
  className="productImg custom-class"
  src="./some-image-test.jpg"
/>
`;

exports[`ProductImage Debe de mostrar el componente la imagen del producto 1`] = `
<div
  className="productCard undefined"
>
  <img
    alt="Product"
    className="productImg undefined"
    src="./coffee-mug.png"
  />
</div>
`;
